#-----------------------------------------------------------
# Vivado v2020.2 (64-bit)
# SW Build 3064766 on Wed Nov 18 09:12:45 MST 2020
# IP Build 3064653 on Wed Nov 18 14:17:31 MST 2020
# Start of session at: Wed Dec  2 19:50:13 2020
# Process ID: 8548
# Current directory: C:/Users/tony4/Desktop/EE201_project/personal_dir/tony4773/project_1202
# Command line: vivado.exe -gui_launcher_event rodinguilauncherevent24172 C:\Users\tony4\Desktop\EE201_project\personal_dir\tony4773\project_1202\project_1202.xpr
# Log file: C:/Users/tony4/Desktop/EE201_project/personal_dir/tony4773/project_1202/vivado.log
# Journal file: C:/Users/tony4/Desktop/EE201_project/personal_dir/tony4773/project_1202\vivado.jou
#-----------------------------------------------------------
start_gui
open_project C:/Users/tony4/Desktop/EE201_project/personal_dir/tony4773/project_1202/project_1202.xpr
update_compile_order -fileset sources_1
launch_simulation -simset [get_filesets sim_2 ]
source testBench.tcl
close_sim
launch_simulation -simset [get_filesets sim_2 ]
source testBench.tcl
close_sim
launch_simulation -simset [get_filesets sim_2 ]
source testBench.tcl
close_sim
launch_simulation -simset [get_filesets sim_2 ]
source testBench.tcl
close_sim
launch_simulation -simset [get_filesets sim_2 ]
source testBench.tcl
close_sim
launch_simulation -simset [get_filesets sim_2 ]
source testBench.tcl
close_sim
launch_simulation -simset [get_filesets sim_2 ]
source testBench.tcl
close_sim
launch_simulation -simset [get_filesets sim_2 ]
launch_simulation -simset [get_filesets sim_2 ]
launch_simulation -simset [get_filesets sim_2 ]
source testBench.tcl
close_sim
launch_simulation -simset [get_filesets sim_2 ]
source testBench.tcl
add_bp {C:/Users/tony4/Desktop/EE201_project/personal_dir/tony4773/project_1202/project_1202.srcs/sources_1/imports/Desktop/calculator_top.vhd} 79
remove_bps -file {C:/Users/tony4/Desktop/EE201_project/personal_dir/tony4773/project_1202/project_1202.srcs/sources_1/imports/Desktop/calculator_top.vhd} -line 79
add_bp {C:/Users/tony4/Desktop/EE201_project/personal_dir/tony4773/project_1202/project_1202.srcs/sources_1/imports/Desktop/calculator_top.vhd} 88
add_bp {C:/Users/tony4/Desktop/EE201_project/personal_dir/tony4773/project_1202/project_1202.srcs/sources_1/imports/Desktop/calculator_top.vhd} 89
add_bp {C:/Users/tony4/Desktop/EE201_project/personal_dir/tony4773/project_1202/project_1202.srcs/sources_1/imports/Desktop/calculator_top.vhd} 90
add_bp {C:/Users/tony4/Desktop/EE201_project/personal_dir/tony4773/project_1202/project_1202.srcs/sources_1/imports/Desktop/calculator_top.vhd} 92
add_bp {C:/Users/tony4/Desktop/EE201_project/personal_dir/tony4773/project_1202/project_1202.srcs/sources_1/imports/Desktop/calculator_top.vhd} 93
add_bp {C:/Users/tony4/Desktop/EE201_project/personal_dir/tony4773/project_1202/project_1202.srcs/sources_1/imports/Desktop/calculator_top.vhd} 95
add_bp {C:/Users/tony4/Desktop/EE201_project/personal_dir/tony4773/project_1202/project_1202.srcs/sources_1/imports/Desktop/calculator_top.vhd} 94
close_sim
launch_simulation -simset [get_filesets sim_2 ]
launch_simulation -simset [get_filesets sim_2 ]
launch_simulation -simset [get_filesets sim_2 ]
launch_simulation -simset [get_filesets sim_2 ]
launch_simulation -simset [get_filesets sim_2 ]
launch_simulation -simset [get_filesets sim_2 ]
